// Jest Snapshot v1, https://goo.gl/fbAQLP

exports[`<Preloader /> renders as expected 1`] = `
<div
  className="preloader"
>
   
</div>
`;
