// Jest Snapshot v1, https://goo.gl/fbAQLP

exports[`Link Logging It should match snapshot 1`] = `
ShallowWrapper {
  "length": 1,
  Symbol(enzyme.__root__): [Circular],
  Symbol(enzyme.__unrendered__): <Header />,
  Symbol(enzyme.__renderer__): Object {
    "batchedUpdates": [Function],
    "getNode": [Function],
    "render": [Function],
    "simulateEvent": [Function],
    "unmount": [Function],
  },
  Symbol(enzyme.__node__): Object {
    "instance": null,
    "key": undefined,
    "nodeType": "host",
    "props": Object {
      "children": Array [
        <div
          className="headerHolder"
>
          <div
                    className="logo"
          >
                    <Link
                              className="logoLink"
                              onClick={[Function]}
                              replace={false}
                              to="/"
                    >
                              <img
                                        alt="logo"
                                        src="https://i.imgur.com/zkkUfhc.png"
                              />
                    </Link>
          </div>
          <div
                    className="headerTeamName"
          >
                    <Link
                              className="nameLink"
                              onClick={[Function]}
                              replace={false}
                              to="/"
                    >
                              SOLENYA
                    </Link>
          </div>
          <div
                    className="menuLinks"
          >
                    <div
                              className="webHome"
                    >
                              <Link
                                        className="webHomeLink"
                                        onClick={[Function]}
                                        replace={false}
                                        to="/"
                              >
                                        PRODUCTS
                              </Link>
                    </div>
                    <div
                              className="webBag"
                    >
                              <Link
                                        className="bagLink"
                                        replace={false}
                                        to="#"
                              >
                                        BAG
                              </Link>
                    </div>
          </div>
          <div
                    className="burgerMenu"
          >
                    <div
                              className="burgerContainer"
                              onClick={[Function]}
                    >
                              <div
                                        className="bar1"
                              />
                              <div
                                        className="bar2"
                              />
                              <div
                                        className="bar3"
                              />
                    </div>
          </div>
</div>,
        <div
          className="closedMenu"
>
          <div
                    className="homeLink"
          >
                    <Link
                              className="home-link"
                              onClick={[Function]}
                              replace={false}
                              to="/"
                    >
                              Products
                    </Link>
          </div>
          <div
                    className="bagLink"
          >
                    <Link
                              className="bag-link"
                              replace={false}
                              to="#"
                    >
                              Bag
                    </Link>
          </div>
</div>,
      ],
    },
    "ref": null,
    "rendered": Array [
      Object {
        "instance": null,
        "key": undefined,
        "nodeType": "host",
        "props": Object {
          "children": Array [
            <div
              className="logo"
>
              <Link
                            className="logoLink"
                            onClick={[Function]}
                            replace={false}
                            to="/"
              >
                            <img
                                          alt="logo"
                                          src="https://i.imgur.com/zkkUfhc.png"
                            />
              </Link>
</div>,
            <div
              className="headerTeamName"
>
              <Link
                            className="nameLink"
                            onClick={[Function]}
                            replace={false}
                            to="/"
              >
                            SOLENYA
              </Link>
</div>,
            <div
              className="menuLinks"
>
              <div
                            className="webHome"
              >
                            <Link
                                          className="webHomeLink"
                                          onClick={[Function]}
                                          replace={false}
                                          to="/"
                            >
                                          PRODUCTS
                            </Link>
              </div>
              <div
                            className="webBag"
              >
                            <Link
                                          className="bagLink"
                                          replace={false}
                                          to="#"
                            >
                                          BAG
                            </Link>
              </div>
</div>,
            <div
              className="burgerMenu"
>
              <div
                            className="burgerContainer"
                            onClick={[Function]}
              >
                            <div
                                          className="bar1"
                            />
                            <div
                                          className="bar2"
                            />
                            <div
                                          className="bar3"
                            />
              </div>
</div>,
          ],
          "className": "headerHolder",
        },
        "ref": null,
        "rendered": Array [
          Object {
            "instance": null,
            "key": undefined,
            "nodeType": "host",
            "props": Object {
              "children": <Link
                className="logoLink"
                onClick={[Function]}
                replace={false}
                to="/"
>
                <img
                                alt="logo"
                                src="https://i.imgur.com/zkkUfhc.png"
                />
</Link>,
              "className": "logo",
            },
            "ref": null,
            "rendered": Object {
              "instance": null,
              "key": undefined,
              "nodeType": "class",
              "props": Object {
                "children": <img
                  alt="logo"
                  src="https://i.imgur.com/zkkUfhc.png"
/>,
                "className": "logoLink",
                "onClick": [Function],
                "replace": false,
                "to": "/",
              },
              "ref": null,
              "rendered": Object {
                "instance": null,
                "key": undefined,
                "nodeType": "host",
                "props": Object {
                  "alt": "logo",
                  "src": "https://i.imgur.com/zkkUfhc.png",
                },
                "ref": null,
                "rendered": null,
                "type": "img",
              },
              "type": [Function],
            },
            "type": "div",
          },
          Object {
            "instance": null,
            "key": undefined,
            "nodeType": "host",
            "props": Object {
              "children": <Link
                className="nameLink"
                onClick={[Function]}
                replace={false}
                to="/"
>
                SOLENYA
</Link>,
              "className": "headerTeamName",
            },
            "ref": null,
            "rendered": Object {
              "instance": null,
              "key": undefined,
              "nodeType": "class",
              "props": Object {
                "children": "SOLENYA",
                "className": "nameLink",
                "onClick": [Function],
                "replace": false,
                "to": "/",
              },
              "ref": null,
              "rendered": "SOLENYA",
              "type": [Function],
            },
            "type": "div",
          },
          Object {
            "instance": null,
            "key": undefined,
            "nodeType": "host",
            "props": Object {
              "children": Array [
                <div
                  className="webHome"
>
                  <Link
                                    className="webHomeLink"
                                    onClick={[Function]}
                                    replace={false}
                                    to="/"
                  >
                                    PRODUCTS
                  </Link>
</div>,
                <div
                  className="webBag"
>
                  <Link
                                    className="bagLink"
                                    replace={false}
                                    to="#"
                  >
                                    BAG
                  </Link>
</div>,
              ],
              "className": "menuLinks",
            },
            "ref": null,
            "rendered": Array [
              Object {
                "instance": null,
                "key": undefined,
                "nodeType": "host",
                "props": Object {
                  "children": <Link
                    className="webHomeLink"
                    onClick={[Function]}
                    replace={false}
                    to="/"
>
                    PRODUCTS
</Link>,
                  "className": "webHome",
                },
                "ref": null,
                "rendered": Object {
                  "instance": null,
                  "key": undefined,
                  "nodeType": "class",
                  "props": Object {
                    "children": "PRODUCTS",
                    "className": "webHomeLink",
                    "onClick": [Function],
                    "replace": false,
                    "to": "/",
                  },
                  "ref": null,
                  "rendered": "PRODUCTS",
                  "type": [Function],
                },
                "type": "div",
              },
              Object {
                "instance": null,
                "key": undefined,
                "nodeType": "host",
                "props": Object {
                  "children": <Link
                    className="bagLink"
                    replace={false}
                    to="#"
>
                    BAG
</Link>,
                  "className": "webBag",
                },
                "ref": null,
                "rendered": Object {
                  "instance": null,
                  "key": undefined,
                  "nodeType": "class",
                  "props": Object {
                    "children": "BAG",
                    "className": "bagLink",
                    "replace": false,
                    "to": "#",
                  },
                  "ref": null,
                  "rendered": "BAG",
                  "type": [Function],
                },
                "type": "div",
              },
            ],
            "type": "div",
          },
          Object {
            "instance": null,
            "key": undefined,
            "nodeType": "host",
            "props": Object {
              "children": <div
                className="burgerContainer"
                onClick={[Function]}
>
                <div
                                className="bar1"
                />
                <div
                                className="bar2"
                />
                <div
                                className="bar3"
                />
</div>,
              "className": "burgerMenu",
            },
            "ref": null,
            "rendered": Object {
              "instance": null,
              "key": undefined,
              "nodeType": "host",
              "props": Object {
                "children": Array [
                  <div
                    className="bar1"
/>,
                  <div
                    className="bar2"
/>,
                  <div
                    className="bar3"
/>,
                ],
                "className": "burgerContainer",
                "onClick": [Function],
              },
              "ref": null,
              "rendered": Array [
                Object {
                  "instance": null,
                  "key": undefined,
                  "nodeType": "host",
                  "props": Object {
                    "className": "bar1",
                  },
                  "ref": null,
                  "rendered": null,
                  "type": "div",
                },
                Object {
                  "instance": null,
                  "key": undefined,
                  "nodeType": "host",
                  "props": Object {
                    "className": "bar2",
                  },
                  "ref": null,
                  "rendered": null,
                  "type": "div",
                },
                Object {
                  "instance": null,
                  "key": undefined,
                  "nodeType": "host",
                  "props": Object {
                    "className": "bar3",
                  },
                  "ref": null,
                  "rendered": null,
                  "type": "div",
                },
              ],
              "type": "div",
            },
            "type": "div",
          },
        ],
        "type": "div",
      },
      Object {
        "instance": null,
        "key": undefined,
        "nodeType": "host",
        "props": Object {
          "children": Array [
            <div
              className="homeLink"
>
              <Link
                            className="home-link"
                            onClick={[Function]}
                            replace={false}
                            to="/"
              >
                            Products
              </Link>
</div>,
            <div
              className="bagLink"
>
              <Link
                            className="bag-link"
                            replace={false}
                            to="#"
              >
                            Bag
              </Link>
</div>,
          ],
          "className": "closedMenu",
        },
        "ref": null,
        "rendered": Array [
          Object {
            "instance": null,
            "key": undefined,
            "nodeType": "host",
            "props": Object {
              "children": <Link
                className="home-link"
                onClick={[Function]}
                replace={false}
                to="/"
>
                Products
</Link>,
              "className": "homeLink",
            },
            "ref": null,
            "rendered": Object {
              "instance": null,
              "key": undefined,
              "nodeType": "class",
              "props": Object {
                "children": "Products",
                "className": "home-link",
                "onClick": [Function],
                "replace": false,
                "to": "/",
              },
              "ref": null,
              "rendered": "Products",
              "type": [Function],
            },
            "type": "div",
          },
          Object {
            "instance": null,
            "key": undefined,
            "nodeType": "host",
            "props": Object {
              "children": <Link
                className="bag-link"
                replace={false}
                to="#"
>
                Bag
</Link>,
              "className": "bagLink",
            },
            "ref": null,
            "rendered": Object {
              "instance": null,
              "key": undefined,
              "nodeType": "class",
              "props": Object {
                "children": "Bag",
                "className": "bag-link",
                "replace": false,
                "to": "#",
              },
              "ref": null,
              "rendered": "Bag",
              "type": [Function],
            },
            "type": "div",
          },
        ],
        "type": "div",
      },
    ],
    "type": "header",
  },
  Symbol(enzyme.__nodes__): Array [
    Object {
      "instance": null,
      "key": undefined,
      "nodeType": "host",
      "props": Object {
        "children": Array [
          <div
            className="headerHolder"
>
            <div
                        className="logo"
            >
                        <Link
                                    className="logoLink"
                                    onClick={[Function]}
                                    replace={false}
                                    to="/"
                        >
                                    <img
                                                alt="logo"
                                                src="https://i.imgur.com/zkkUfhc.png"
                                    />
                        </Link>
            </div>
            <div
                        className="headerTeamName"
            >
                        <Link
                                    className="nameLink"
                                    onClick={[Function]}
                                    replace={false}
                                    to="/"
                        >
                                    SOLENYA
                        </Link>
            </div>
            <div
                        className="menuLinks"
            >
                        <div
                                    className="webHome"
                        >
                                    <Link
                                                className="webHomeLink"
                                                onClick={[Function]}
                                                replace={false}
                                                to="/"
                                    >
                                                PRODUCTS
                                    </Link>
                        </div>
                        <div
                                    className="webBag"
                        >
                                    <Link
                                                className="bagLink"
                                                replace={false}
                                                to="#"
                                    >
                                                BAG
                                    </Link>
                        </div>
            </div>
            <div
                        className="burgerMenu"
            >
                        <div
                                    className="burgerContainer"
                                    onClick={[Function]}
                        >
                                    <div
                                                className="bar1"
                                    />
                                    <div
                                                className="bar2"
                                    />
                                    <div
                                                className="bar3"
                                    />
                        </div>
            </div>
</div>,
          <div
            className="closedMenu"
>
            <div
                        className="homeLink"
            >
                        <Link
                                    className="home-link"
                                    onClick={[Function]}
                                    replace={false}
                                    to="/"
                        >
                                    Products
                        </Link>
            </div>
            <div
                        className="bagLink"
            >
                        <Link
                                    className="bag-link"
                                    replace={false}
                                    to="#"
                        >
                                    Bag
                        </Link>
            </div>
</div>,
        ],
      },
      "ref": null,
      "rendered": Array [
        Object {
          "instance": null,
          "key": undefined,
          "nodeType": "host",
          "props": Object {
            "children": Array [
              <div
                className="logo"
>
                <Link
                                className="logoLink"
                                onClick={[Function]}
                                replace={false}
                                to="/"
                >
                                <img
                                                alt="logo"
                                                src="https://i.imgur.com/zkkUfhc.png"
                                />
                </Link>
</div>,
              <div
                className="headerTeamName"
>
                <Link
                                className="nameLink"
                                onClick={[Function]}
                                replace={false}
                                to="/"
                >
                                SOLENYA
                </Link>
</div>,
              <div
                className="menuLinks"
>
                <div
                                className="webHome"
                >
                                <Link
                                                className="webHomeLink"
                                                onClick={[Function]}
                                                replace={false}
                                                to="/"
                                >
                                                PRODUCTS
                                </Link>
                </div>
                <div
                                className="webBag"
                >
                                <Link
                                                className="bagLink"
                                                replace={false}
                                                to="#"
                                >
                                                BAG
                                </Link>
                </div>
</div>,
              <div
                className="burgerMenu"
>
                <div
                                className="burgerContainer"
                                onClick={[Function]}
                >
                                <div
                                                className="bar1"
                                />
                                <div
                                                className="bar2"
                                />
                                <div
                                                className="bar3"
                                />
                </div>
</div>,
            ],
            "className": "headerHolder",
          },
          "ref": null,
          "rendered": Array [
            Object {
              "instance": null,
              "key": undefined,
              "nodeType": "host",
              "props": Object {
                "children": <Link
                  className="logoLink"
                  onClick={[Function]}
                  replace={false}
                  to="/"
>
                  <img
                                    alt="logo"
                                    src="https://i.imgur.com/zkkUfhc.png"
                  />
</Link>,
                "className": "logo",
              },
              "ref": null,
              "rendered": Object {
                "instance": null,
                "key": undefined,
                "nodeType": "class",
                "props": Object {
                  "children": <img
                    alt="logo"
                    src="https://i.imgur.com/zkkUfhc.png"
/>,
                  "className": "logoLink",
                  "onClick": [Function],
                  "replace": false,
                  "to": "/",
                },
                "ref": null,
                "rendered": Object {
                  "instance": null,
                  "key": undefined,
                  "nodeType": "host",
                  "props": Object {
                    "alt": "logo",
                    "src": "https://i.imgur.com/zkkUfhc.png",
                  },
                  "ref": null,
                  "rendered": null,
                  "type": "img",
                },
                "type": [Function],
              },
              "type": "div",
            },
            Object {
              "instance": null,
              "key": undefined,
              "nodeType": "host",
              "props": Object {
                "children": <Link
                  className="nameLink"
                  onClick={[Function]}
                  replace={false}
                  to="/"
>
                  SOLENYA
</Link>,
                "className": "headerTeamName",
              },
              "ref": null,
              "rendered": Object {
                "instance": null,
                "key": undefined,
                "nodeType": "class",
                "props": Object {
                  "children": "SOLENYA",
                  "className": "nameLink",
                  "onClick": [Function],
                  "replace": false,
                  "to": "/",
                },
                "ref": null,
                "rendered": "SOLENYA",
                "type": [Function],
              },
              "type": "div",
            },
            Object {
              "instance": null,
              "key": undefined,
              "nodeType": "host",
              "props": Object {
                "children": Array [
                  <div
                    className="webHome"
>
                    <Link
                                        className="webHomeLink"
                                        onClick={[Function]}
                                        replace={false}
                                        to="/"
                    >
                                        PRODUCTS
                    </Link>
</div>,
                  <div
                    className="webBag"
>
                    <Link
                                        className="bagLink"
                                        replace={false}
                                        to="#"
                    >
                                        BAG
                    </Link>
</div>,
                ],
                "className": "menuLinks",
              },
              "ref": null,
              "rendered": Array [
                Object {
                  "instance": null,
                  "key": undefined,
                  "nodeType": "host",
                  "props": Object {
                    "children": <Link
                      className="webHomeLink"
                      onClick={[Function]}
                      replace={false}
                      to="/"
>
                      PRODUCTS
</Link>,
                    "className": "webHome",
                  },
                  "ref": null,
                  "rendered": Object {
                    "instance": null,
                    "key": undefined,
                    "nodeType": "class",
                    "props": Object {
                      "children": "PRODUCTS",
                      "className": "webHomeLink",
                      "onClick": [Function],
                      "replace": false,
                      "to": "/",
                    },
                    "ref": null,
                    "rendered": "PRODUCTS",
                    "type": [Function],
                  },
                  "type": "div",
                },
                Object {
                  "instance": null,
                  "key": undefined,
                  "nodeType": "host",
                  "props": Object {
                    "children": <Link
                      className="bagLink"
                      replace={false}
                      to="#"
>
                      BAG
</Link>,
                    "className": "webBag",
                  },
                  "ref": null,
                  "rendered": Object {
                    "instance": null,
                    "key": undefined,
                    "nodeType": "class",
                    "props": Object {
                      "children": "BAG",
                      "className": "bagLink",
                      "replace": false,
                      "to": "#",
                    },
                    "ref": null,
                    "rendered": "BAG",
                    "type": [Function],
                  },
                  "type": "div",
                },
              ],
              "type": "div",
            },
            Object {
              "instance": null,
              "key": undefined,
              "nodeType": "host",
              "props": Object {
                "children": <div
                  className="burgerContainer"
                  onClick={[Function]}
>
                  <div
                                    className="bar1"
                  />
                  <div
                                    className="bar2"
                  />
                  <div
                                    className="bar3"
                  />
</div>,
                "className": "burgerMenu",
              },
              "ref": null,
              "rendered": Object {
                "instance": null,
                "key": undefined,
                "nodeType": "host",
                "props": Object {
                  "children": Array [
                    <div
                      className="bar1"
/>,
                    <div
                      className="bar2"
/>,
                    <div
                      className="bar3"
/>,
                  ],
                  "className": "burgerContainer",
                  "onClick": [Function],
                },
                "ref": null,
                "rendered": Array [
                  Object {
                    "instance": null,
                    "key": undefined,
                    "nodeType": "host",
                    "props": Object {
                      "className": "bar1",
                    },
                    "ref": null,
                    "rendered": null,
                    "type": "div",
                  },
                  Object {
                    "instance": null,
                    "key": undefined,
                    "nodeType": "host",
                    "props": Object {
                      "className": "bar2",
                    },
                    "ref": null,
                    "rendered": null,
                    "type": "div",
                  },
                  Object {
                    "instance": null,
                    "key": undefined,
                    "nodeType": "host",
                    "props": Object {
                      "className": "bar3",
                    },
                    "ref": null,
                    "rendered": null,
                    "type": "div",
                  },
                ],
                "type": "div",
              },
              "type": "div",
            },
          ],
          "type": "div",
        },
        Object {
          "instance": null,
          "key": undefined,
          "nodeType": "host",
          "props": Object {
            "children": Array [
              <div
                className="homeLink"
>
                <Link
                                className="home-link"
                                onClick={[Function]}
                                replace={false}
                                to="/"
                >
                                Products
                </Link>
</div>,
              <div
                className="bagLink"
>
                <Link
                                className="bag-link"
                                replace={false}
                                to="#"
                >
                                Bag
                </Link>
</div>,
            ],
            "className": "closedMenu",
          },
          "ref": null,
          "rendered": Array [
            Object {
              "instance": null,
              "key": undefined,
              "nodeType": "host",
              "props": Object {
                "children": <Link
                  className="home-link"
                  onClick={[Function]}
                  replace={false}
                  to="/"
>
                  Products
</Link>,
                "className": "homeLink",
              },
              "ref": null,
              "rendered": Object {
                "instance": null,
                "key": undefined,
                "nodeType": "class",
                "props": Object {
                  "children": "Products",
                  "className": "home-link",
                  "onClick": [Function],
                  "replace": false,
                  "to": "/",
                },
                "ref": null,
                "rendered": "Products",
                "type": [Function],
              },
              "type": "div",
            },
            Object {
              "instance": null,
              "key": undefined,
              "nodeType": "host",
              "props": Object {
                "children": <Link
                  className="bag-link"
                  replace={false}
                  to="#"
>
                  Bag
</Link>,
                "className": "bagLink",
              },
              "ref": null,
              "rendered": Object {
                "instance": null,
                "key": undefined,
                "nodeType": "class",
                "props": Object {
                  "children": "Bag",
                  "className": "bag-link",
                  "replace": false,
                  "to": "#",
                },
                "ref": null,
                "rendered": "Bag",
                "type": [Function],
              },
              "type": "div",
            },
          ],
          "type": "div",
        },
      ],
      "type": "header",
    },
  ],
  Symbol(enzyme.__options__): Object {
    "adapter": ReactFifteenAdapter {
      "options": Object {
        "supportPrevContextArgumentOfComponentDidUpdate": true,
      },
    },
  },
}
`;
